// Jest Snapshot v1, https://goo.gl/fbAQLP

exports[`should return autocomplete results 1`] = `
{
  "payload": [
    "result",
    "result",
    "result",
    "result",
    "result",
  ],
  "success": true,
}
`;
